Rc files read (in order):
  NONE
Latexmk: This is Latexmk, John Collins, 9 March 2026. Version 4.88.
Latexmk: applying rule 'lualatex'...
Rule 'lualatex':  Reasons for rerun
Changed files or newly in use/created:
  Appendix/a_inference.tex
  Sections/behavioural.tex
  Sections/bunching.tex
  Sections/conclusion.tex
  Sections/data.tex
  Sections/intro.tex
  Sections/model.tex
  Sections/static.tex
  figures/dynamic_cost_vs_elasticity.png
  figures/dynamic_notch_fit_e017.png
  frontmatter.tex
Category 'changed_user':
  Appendix/a_inference.tex
  Sections/behavioural.tex
  Sections/bunching.tex
  Sections/conclusion.tex
  Sections/data.tex
  Sections/intro.tex
  Sections/model.tex
  Sections/static.tex
  figures/dynamic_cost_vs_elasticity.png
  figures/dynamic_notch_fit_e017.png
  frontmatter.tex

------------
Run number 1 of rule 'lualatex'
------------
------------
Running 'lualatex  -interaction=nonstopmode -halt-on-error -recorder  "main.tex"'
------------
This is LuaHBTeX, Version 1.24.0 (TeX Live 2026) 
 restricted system commands enabled.
(./main.tex
LaTeX2e <2025-11-01>
L3 programming layer <2026-01-19>
 (/usr/local/texlive/2026/texmf-dist/tex/latex/base/article.cls
Document Class: article 2025/01/22 v1.4n Standard LaTeX document class
(/usr/local/texlive/2026/texmf-dist/tex/latex/base/size12.clo))
(./YGTemplate.sty
(/usr/local/texlive/2026/texmf-dist/tex/latex/fontspec/fontspec.sty
(/usr/local/texlive/2026/texmf-dist/tex/latex/l3packages/xparse/xparse.sty
(/usr/local/texlive/2026/texmf-dist/tex/latex/l3kernel/expl3.sty
(/usr/local/texlive/2026/texmf-dist/tex/latex/l3backend/l3backend-luatex.def)))
 (/usr/local/texlive/2026/texmf-dist/tex/latex/fontspec/fontspec-luatex.sty
(/usr/local/texlive/2026/texmf-dist/tex/latex/base/fontenc.sty)
(/usr/local/texlive/2026/texmf-dist/tex/latex/fontspec/fontspec.cfg)))
(/usr/local/texlive/2026/texmf-dist/tex/generic/babel/babel.sty
(/usr/local/texlive/2026/texmf-dist/tex/generic/babel/luababel.def)
(/usr/local/texlive/2026/texmf-dist/tex/generic/babel/luababel.def)
(/usr/local/texlive/2026/texmf-dist/tex/generic/babel/locale/en/babel-english.t
ex) (/usr/local/texlive/2026/texmf-dist/tex/generic/babel-english/english.ldf))
 (/usr/local/texlive/2026/texmf-dist/tex/latex/base/fontenc.sty
(/usr/local/texlive/2026/texmf-dist/tex/latex/lm/t1lmr.fd))
(/usr/local/texlive/2026/texmf-dist/tex/latex/a4wide/a4wide.sty
(/usr/local/texlive/2026/texmf-dist/tex/latex/ntgclass/a4.sty))
(/usr/local/texlive/2026/texmf-dist/tex/latex/xcolor/xcolor.sty
(/usr/local/texlive/2026/texmf-dist/tex/latex/graphics-cfg/color.cfg)

Package xcolor Warning: Package option `usenames' is obsolete and ignored on in
put line 265.

(/usr/local/texlive/2026/texmf-dist/tex/latex/graphics-def/luatex.def)
(/usr/local/texlive/2026/texmf-dist/tex/latex/graphics/mathcolor.ltx))
(/usr/local/texlive/2026/texmf-dist/tex/latex/graphics/dvipsnam.def)
(/usr/local/texlive/2026/texmf-dist/tex/latex/graphics/graphicx.sty
(/usr/local/texlive/2026/texmf-dist/tex/latex/graphics/keyval.sty)
(/usr/local/texlive/2026/texmf-dist/tex/latex/graphics/graphics.sty
(/usr/local/texlive/2026/texmf-dist/tex/latex/graphics/trig.sty)
(/usr/local/texlive/2026/texmf-dist/tex/latex/graphics-cfg/graphics.cfg)))
(/usr/local/texlive/2026/texmf-dist/tex/latex/tools/tabularx.sty
(/usr/local/texlive/2026/texmf-dist/tex/latex/tools/array.sty))
(/usr/local/texlive/2026/texmf-dist/tex/latex/subfigure/subfigure.sty
****************************************
* Local config file subfigure.cfg used *
****************************************
(/usr/local/texlive/2026/texmf-dist/tex/latex/subfigure/subfigure.cfg))
(/usr/local/texlive/2026/texmf-dist/tex/latex/float/float.sty)
(/usr/local/texlive/2026/texmf-dist/tex/latex/caption/caption.sty
(/usr/local/texlive/2026/texmf-dist/tex/latex/caption/caption3.sty))
(/usr/local/texlive/2026/texmf-dist/tex/latex/caption/subcaption.sty)
(/usr/local/texlive/2026/texmf-dist/tex/latex/fnpct/fnpct.sty
(/usr/local/texlive/2026/texmf-dist/tex/latex/l3packages/l3keys2e/l3keys2e.sty)
(/usr/local/texlive/2026/texmf-dist/tex/latex/translations/translations.sty
(/usr/local/texlive/2026/texmf-dist/tex/latex/etoolbox/etoolbox.sty)
(/usr/local/texlive/2026/texmf-dist/tex/generic/pdftexcmds/pdftexcmds.sty
(/usr/local/texlive/2026/texmf-dist/tex/generic/infwarerr/infwarerr.sty)
(/usr/local/texlive/2026/texmf-dist/tex/generic/iftex/iftex.sty)
(/usr/local/texlive/2026/texmf-dist/tex/generic/ltxcmds/ltxcmds.sty))))
(/usr/local/texlive/2026/texmf-dist/tex/latex/kpfonts/kpfonts.sty
(/usr/local/texlive/2026/texmf-dist/tex/latex/kpfonts-otf/kpfonts-otf.sty
(/usr/local/texlive/2026/texmf-dist/tex/latex/realscripts/realscripts.sty)
(/usr/local/texlive/2026/texmf-dist/tex/latex/kpfonts-otf/KpRoman.fontspec)
(/usr/local/texlive/2026/texmf-dist/tex/latex/kpfonts-otf/KpLight.fontspec)
(/usr/local/texlive/2026/texmf-dist/tex/latex/kpfonts-otf/KpSans.fontspec)
(/usr/local/texlive/2026/texmf-dist/tex/latex/kpfonts-otf/KpMono.fontspec)
(/usr/local/texlive/2026/texmf-dist/tex/latex/unicode-math/unicode-math.sty
(/usr/local/texlive/2026/texmf-dist/tex/latex/unicode-math/unicode-math-luatex.
sty (/usr/local/texlive/2026/texmf-dist/tex/latex/base/fix-cm.sty
(/usr/local/texlive/2026/texmf-dist/tex/latex/base/ts1enc.def))
(/usr/local/texlive/2026/texmf-dist/tex/latex/amsmath/amsmath.sty
For additional information on amsmath, use the `?' option.
(/usr/local/texlive/2026/texmf-dist/tex/latex/amsmath/amstext.sty
(/usr/local/texlive/2026/texmf-dist/tex/latex/amsmath/amsgen.sty))
(/usr/local/texlive/2026/texmf-dist/tex/latex/amsmath/amsbsy.sty)
(/usr/local/texlive/2026/texmf-dist/tex/latex/amsmath/amsopn.sty))
(/usr/local/texlive/2026/texmf-dist/tex/lualatex/lualatex-math/lualatex-math.st
y)
(/usr/local/texlive/2026/texmf-dist/tex/latex/unicode-math/unicode-math-table.t
ex)))
(/usr/local/texlive/2026/texmf-dist/tex/latex/kpfonts-otf/KpMath-Regular.fontsp
ec))) (/usr/local/texlive/2026/texmf-dist/tex/latex/pgf/frontendlayer/tikz.sty
(/usr/local/texlive/2026/texmf-dist/tex/latex/pgf/basiclayer/pgf.sty
(/usr/local/texlive/2026/texmf-dist/tex/latex/pgf/utilities/pgfrcs.sty
(/usr/local/texlive/2026/texmf-dist/tex/generic/pgf/utilities/pgfutil-common.te
x)
(/usr/local/texlive/2026/texmf-dist/tex/generic/pgf/utilities/pgfutil-latex.def
) (/usr/local/texlive/2026/texmf-dist/tex/generic/pgf/utilities/pgfrcs.code.tex
(/usr/local/texlive/2026/texmf-dist/tex/generic/pgf/pgf.revision.tex)))
(/usr/local/texlive/2026/texmf-dist/tex/latex/pgf/basiclayer/pgfcore.sty
(/usr/local/texlive/2026/texmf-dist/tex/latex/pgf/systemlayer/pgfsys.sty
(/usr/local/texlive/2026/texmf-dist/tex/generic/pgf/systemlayer/pgfsys.code.tex
(/usr/local/texlive/2026/texmf-dist/tex/generic/pgf/utilities/pgfkeys.code.tex
(/usr/local/texlive/2026/texmf-dist/tex/generic/pgf/utilities/pgfkeyslibraryfil
tered.code.tex))
(/usr/local/texlive/2026/texmf-dist/tex/generic/pgf/systemlayer/pgf.cfg)
(/usr/local/texlive/2026/texmf-dist/tex/generic/pgf/systemlayer/pgfsys-luatex.d
ef
(/usr/local/texlive/2026/texmf-dist/tex/generic/pgf/systemlayer/pgfsys-common-p
df.def)))
(/usr/local/texlive/2026/texmf-dist/tex/generic/pgf/systemlayer/pgfsyssoftpath.
code.tex)
(/usr/local/texlive/2026/texmf-dist/tex/generic/pgf/systemlayer/pgfsysprotocol.
code.tex))
(/usr/local/texlive/2026/texmf-dist/tex/generic/pgf/basiclayer/pgfcore.code.tex
(/usr/local/texlive/2026/texmf-dist/tex/generic/pgf/math/pgfmath.code.tex
(/usr/local/texlive/2026/texmf-dist/tex/generic/pgf/math/pgfmathutil.code.tex)
(/usr/local/texlive/2026/texmf-dist/tex/generic/pgf/math/pgfmathparser.code.tex
)
(/usr/local/texlive/2026/texmf-dist/tex/generic/pgf/math/pgfmathfunctions.code.
tex)
(/usr/local/texlive/2026/texmf-dist/tex/generic/pgf/math/pgfmathfunctions.basic
.code.tex)
(/usr/local/texlive/2026/texmf-dist/tex/generic/pgf/math/pgfmathfunctions.trigo
nometric.code.tex)
(/usr/local/texlive/2026/texmf-dist/tex/generic/pgf/math/pgfmathfunctions.rando
m.code.tex)
(/usr/local/texlive/2026/texmf-dist/tex/generic/pgf/math/pgfmathfunctions.compa
rison.code.tex)
(/usr/local/texlive/2026/texmf-dist/tex/generic/pgf/math/pgfmathfunctions.base.
code.tex)
(/usr/local/texlive/2026/texmf-dist/tex/generic/pgf/math/pgfmathfunctions.round
.code.tex)
(/usr/local/texlive/2026/texmf-dist/tex/generic/pgf/math/pgfmathfunctions.misc.
code.tex)
(/usr/local/texlive/2026/texmf-dist/tex/generic/pgf/math/pgfmathfunctions.integ
erarithmetics.code.tex)
(/usr/local/texlive/2026/texmf-dist/tex/generic/pgf/math/pgfmathcalc.code.tex)
(/usr/local/texlive/2026/texmf-dist/tex/generic/pgf/math/pgfmathfloat.code.tex)
) (/usr/local/texlive/2026/texmf-dist/tex/generic/pgf/math/pgfint.code.tex)
(/usr/local/texlive/2026/texmf-dist/tex/generic/pgf/basiclayer/pgfcorepoints.co
de.tex)
(/usr/local/texlive/2026/texmf-dist/tex/generic/pgf/basiclayer/pgfcorepathconst
ruct.code.tex)
(/usr/local/texlive/2026/texmf-dist/tex/generic/pgf/basiclayer/pgfcorepathusage
.code.tex)
(/usr/local/texlive/2026/texmf-dist/tex/generic/pgf/basiclayer/pgfcorescopes.co
de.tex)
(/usr/local/texlive/2026/texmf-dist/tex/generic/pgf/basiclayer/pgfcoregraphicst
ate.code.tex)
(/usr/local/texlive/2026/texmf-dist/tex/generic/pgf/basiclayer/pgfcoretransform
ations.code.tex)
(/usr/local/texlive/2026/texmf-dist/tex/generic/pgf/basiclayer/pgfcorequick.cod
e.tex)
(/usr/local/texlive/2026/texmf-dist/tex/generic/pgf/basiclayer/pgfcoreobjects.c
ode.tex)
(/usr/local/texlive/2026/texmf-dist/tex/generic/pgf/basiclayer/pgfcorepathproce
ssing.code.tex)
(/usr/local/texlive/2026/texmf-dist/tex/generic/pgf/basiclayer/pgfcorearrows.co
de.tex)
(/usr/local/texlive/2026/texmf-dist/tex/generic/pgf/basiclayer/pgfcoreshade.cod
e.tex)
(/usr/local/texlive/2026/texmf-dist/tex/generic/pgf/basiclayer/pgfcoreimage.cod
e.tex)
(/usr/local/texlive/2026/texmf-dist/tex/generic/pgf/basiclayer/pgfcoreexternal.
code.tex)
(/usr/local/texlive/2026/texmf-dist/tex/generic/pgf/basiclayer/pgfcorelayers.co
de.tex)
(/usr/local/texlive/2026/texmf-dist/tex/generic/pgf/basiclayer/pgfcoretranspare
ncy.code.tex)
(/usr/local/texlive/2026/texmf-dist/tex/generic/pgf/basiclayer/pgfcorepatterns.
code.tex)
(/usr/local/texlive/2026/texmf-dist/tex/generic/pgf/basiclayer/pgfcorerdf.code.
tex)))
(/usr/local/texlive/2026/texmf-dist/tex/generic/pgf/modules/pgfmoduleshapes.cod
e.tex)
(/usr/local/texlive/2026/texmf-dist/tex/generic/pgf/modules/pgfmoduleplot.code.
tex)
(/usr/local/texlive/2026/texmf-dist/tex/latex/pgf/compatibility/pgfcomp-version
-0-65.sty)
(/usr/local/texlive/2026/texmf-dist/tex/latex/pgf/compatibility/pgfcomp-version
-1-18.sty))
(/usr/local/texlive/2026/texmf-dist/tex/latex/pgf/utilities/pgffor.sty
(/usr/local/texlive/2026/texmf-dist/tex/latex/pgf/utilities/pgfkeys.sty
(/usr/local/texlive/2026/texmf-dist/tex/generic/pgf/utilities/pgfkeys.code.tex)
) (/usr/local/texlive/2026/texmf-dist/tex/latex/pgf/math/pgfmath.sty
(/usr/local/texlive/2026/texmf-dist/tex/generic/pgf/math/pgfmath.code.tex))
(/usr/local/texlive/2026/texmf-dist/tex/generic/pgf/utilities/pgffor.code.tex))

(/usr/local/texlive/2026/texmf-dist/tex/generic/pgf/frontendlayer/tikz/tikz.cod
e.tex
(/usr/local/texlive/2026/texmf-dist/tex/generic/pgf/libraries/pgflibraryplothan
dlers.code.tex)
(/usr/local/texlive/2026/texmf-dist/tex/generic/pgf/modules/pgfmodulematrix.cod
e.tex)
(/usr/local/texlive/2026/texmf-dist/tex/generic/pgf/frontendlayer/tikz/librarie
s/tikzlibrarytopaths.code.tex)))
(/usr/local/texlive/2026/texmf-dist/tex/latex/pgfplots/pgfplots.sty
(/usr/local/texlive/2026/texmf-dist/tex/generic/pgfplots/pgfplots.revision.tex)
(/usr/local/texlive/2026/texmf-dist/tex/generic/pgfplots/pgfplots.code.tex
(/usr/local/texlive/2026/texmf-dist/tex/generic/pgfplots/pgfplotscore.code.tex
(/usr/local/texlive/2026/texmf-dist/tex/generic/pgfplots/sys/pgfplotssysgeneric
.code.tex))
(/usr/local/texlive/2026/texmf-dist/tex/generic/pgfplots/libs/pgfplotslibrary.c
ode.tex)
(/usr/local/texlive/2026/texmf-dist/tex/generic/pgfplots/oldpgfcompatib/pgfplot
soldpgfsupp_loader.code.tex
(/usr/local/texlive/2026/texmf-dist/tex/generic/pgf/libraries/pgflibraryfpu.cod
e.tex)
(/usr/local/texlive/2026/texmf-dist/tex/generic/pgfplots/oldpgfcompatib/pgfplot
soldpgfsupp_pgfutil-common-lists.tex)
(/usr/local/texlive/2026/texmf-dist/tex/generic/pgf/libraries/luamath/pgflibrar
yluamath.code.tex))
(/usr/local/texlive/2026/texmf-dist/tex/generic/pgfplots/util/pgfplotsutil.code
.tex
(/usr/local/texlive/2026/texmf-dist/tex/generic/pgfplots/liststructure/pgfplots
liststructure.code.tex)
(/usr/local/texlive/2026/texmf-dist/tex/generic/pgfplots/liststructure/pgfplots
liststructureext.code.tex)
(/usr/local/texlive/2026/texmf-dist/tex/generic/pgfplots/liststructure/pgfplots
array.code.tex)
(/usr/local/texlive/2026/texmf-dist/tex/generic/pgfplots/liststructure/pgfplots
matrix.code.tex)
(/usr/local/texlive/2026/texmf-dist/tex/generic/pgfplots/numtable/pgfplotstable
shared.code.tex)
(/usr/local/texlive/2026/texmf-dist/tex/generic/pgfplots/liststructure/pgfplots
deque.code.tex)
(/usr/local/texlive/2026/texmf-dist/tex/generic/pgfplots/util/pgfplotsbinary.co
de.tex
(/usr/local/texlive/2026/texmf-dist/tex/generic/pgfplots/util/pgfplotsbinary.da
ta.code.tex))
(/usr/local/texlive/2026/texmf-dist/tex/generic/pgfplots/util/pgfplotsutil.verb
.code.tex)
(/usr/local/texlive/2026/texmf-dist/tex/generic/pgfplots/libs/pgflibrarypgfplot
s.surfshading.code.tex
(/usr/local/texlive/2026/texmf-dist/tex/generic/pgfplots/sys/pgflibrarypgfplots
.surfshading.pgfsys-luatex.def)))
(/usr/local/texlive/2026/texmf-dist/tex/generic/pgfplots/util/pgfplotscolormap.
code.tex
(/usr/local/texlive/2026/texmf-dist/tex/generic/pgfplots/util/pgfplotscolor.cod
e.tex))
(/usr/local/texlive/2026/texmf-dist/tex/generic/pgfplots/pgfplotsstackedplots.c
ode.tex)
(/usr/local/texlive/2026/texmf-dist/tex/generic/pgfplots/pgfplotsplothandlers.c
ode.tex
(/usr/local/texlive/2026/texmf-dist/tex/generic/pgfplots/pgfplotsmeshplothandle
r.code.tex
(/usr/local/texlive/2026/texmf-dist/tex/generic/pgfplots/pgfplotsmeshplotimage.
code.tex)))
(/usr/local/texlive/2026/texmf-dist/tex/generic/pgfplots/pgfplots.scaling.code.
tex)
(/usr/local/texlive/2026/texmf-dist/tex/generic/pgfplots/pgfplotscoordprocessin
g.code.tex)
(/usr/local/texlive/2026/texmf-dist/tex/generic/pgfplots/pgfplots.errorbars.cod
e.tex)
(/usr/local/texlive/2026/texmf-dist/tex/generic/pgfplots/pgfplots.markers.code.
tex)
(/usr/local/texlive/2026/texmf-dist/tex/generic/pgfplots/pgfplotsticks.code.tex
)
(/usr/local/texlive/2026/texmf-dist/tex/generic/pgfplots/pgfplots.paths.code.te
x)
(/usr/local/texlive/2026/texmf-dist/tex/generic/pgf/frontendlayer/tikz/librarie
s/tikzlibrarydecorations.code.tex
(/usr/local/texlive/2026/texmf-dist/tex/generic/pgf/modules/pgfmoduledecoration
s.code.tex))
(/usr/local/texlive/2026/texmf-dist/tex/generic/pgf/frontendlayer/tikz/librarie
s/tikzlibrarydecorations.pathmorphing.code.tex
(/usr/local/texlive/2026/texmf-dist/tex/generic/pgf/libraries/decorations/pgfli
brarydecorations.pathmorphing.code.tex))
(/usr/local/texlive/2026/texmf-dist/tex/generic/pgf/frontendlayer/tikz/librarie
s/tikzlibrarydecorations.pathreplacing.code.tex
(/usr/local/texlive/2026/texmf-dist/tex/generic/pgf/libraries/decorations/pgfli
brarydecorations.pathreplacing.code.tex))
(/usr/local/texlive/2026/texmf-dist/tex/generic/pgfplots/libs/tikzlibrarypgfplo
ts.contourlua.code.tex))
(/usr/local/texlive/2026/texmf-dist/tex/generic/pgf/frontendlayer/tikz/librarie
s/tikzlibraryplotmarks.code.tex
(/usr/local/texlive/2026/texmf-dist/tex/generic/pgf/libraries/pgflibraryplotmar
ks.code.tex)))
(/usr/local/texlive/2026/texmf-dist/tex/latex/pgfplots/pgfplotstable.sty
(/usr/local/texlive/2026/texmf-dist/tex/generic/pgfplots/pgfplots.revision.tex)

(/usr/local/texlive/2026/texmf-dist/tex/generic/pgfplots/numtable/pgfplotstable
.code.tex
(/usr/local/texlive/2026/texmf-dist/tex/generic/pgfplots/numtable/pgfplotstable
.coltype.code.tex)))
(/usr/local/texlive/2026/texmf-dist/tex/latex/fontawesome/fontawesome.sty
(/usr/local/texlive/2026/texmf-dist/tex/generic/iftex/ifxetex.sty)
(/usr/local/texlive/2026/texmf-dist/tex/generic/iftex/ifluatex.sty)
(/usr/local/texlive/2026/texmf-dist/tex/latex/fontawesome/fontawesomesymbols-ge
neric.tex)
(/usr/local/texlive/2026/texmf-dist/tex/latex/fontawesome/fontawesomesymbols-xe
luatex.tex)) (/usr/local/texlive/2026/texmf-dist/tex/latex/psfrag/psfrag.sty)
(/usr/local/texlive/2026/texmf-dist/tex/generic/pgf/frontendlayer/tikz/librarie
s/tikzlibraryintersections.code.tex
(/usr/local/texlive/2026/texmf-dist/tex/generic/pgf/libraries/pgflibraryinterse
ctions.code.tex))
(/usr/local/texlive/2026/texmf-dist/tex/generic/pgf/frontendlayer/tikz/librarie
s/tikzlibrarypatterns.code.tex
(/usr/local/texlive/2026/texmf-dist/tex/generic/pgf/libraries/pgflibrarypattern
s.code.tex))
(/usr/local/texlive/2026/texmf-dist/tex/generic/pgfplots/libs/tikzlibrarypgfplo
ts.fillbetween.code.tex
(/usr/local/texlive/2026/texmf-dist/tex/generic/pgfplots/pgfcontrib/tikzlibrary
fillbetween.code.tex
(/usr/local/texlive/2026/texmf-dist/tex/generic/pgfplots/pgfcontrib/tikzlibrary
decorations.softclip.code.tex
(/usr/local/texlive/2026/texmf-dist/tex/generic/pgfplots/pgfcontrib/pgflibraryf
illbetween.code.tex)))
(/usr/local/texlive/2026/texmf-dist/tex/generic/pgfplots/libs/tikzlibrarypgfplo
ts.decorations.softclip.code.tex))
(/usr/local/texlive/2026/texmf-dist/tex/latex/booktabs/booktabs.sty)
(/usr/local/texlive/2026/texmf-dist/tex/latex/tools/bm.sty)
(/usr/local/texlive/2026/texmf-dist/tex/latex/graphics/rotating.sty
(/usr/local/texlive/2026/texmf-dist/tex/latex/base/ifthen.sty))
(/usr/local/texlive/2026/texmf-dist/tex/latex/hyperref/hyperref.sty
(/usr/local/texlive/2026/texmf-dist/tex/latex/kvsetkeys/kvsetkeys.sty)
(/usr/local/texlive/2026/texmf-dist/tex/generic/kvdefinekeys/kvdefinekeys.sty)
(/usr/local/texlive/2026/texmf-dist/tex/generic/pdfescape/pdfescape.sty)
(/usr/local/texlive/2026/texmf-dist/tex/latex/hycolor/hycolor.sty)
(/usr/local/texlive/2026/texmf-dist/tex/latex/hyperref/nameref.sty
(/usr/local/texlive/2026/texmf-dist/tex/latex/refcount/refcount.sty)
(/usr/local/texlive/2026/texmf-dist/tex/generic/gettitlestring/gettitlestring.s
ty (/usr/local/texlive/2026/texmf-dist/tex/latex/kvoptions/kvoptions.sty)))
(/usr/local/texlive/2026/texmf-dist/tex/generic/stringenc/stringenc.sty)
(/usr/local/texlive/2026/texmf-dist/tex/latex/hyperref/pd1enc.def)
(/usr/local/texlive/2026/texmf-dist/tex/generic/intcalc/intcalc.sty)
(/usr/local/texlive/2026/texmf-dist/tex/latex/hyperref/puenc.def)
(/usr/local/texlive/2026/texmf-dist/tex/latex/url/url.sty)
(/usr/local/texlive/2026/texmf-dist/tex/generic/bitset/bitset.sty
(/usr/local/texlive/2026/texmf-dist/tex/generic/bigintcalc/bigintcalc.sty)))
(/usr/local/texlive/2026/texmf-dist/tex/latex/hyperref/hluatex.def
(/usr/local/texlive/2026/texmf-dist/tex/latex/rerunfilecheck/rerunfilecheck.sty

(/usr/local/texlive/2026/texmf-dist/tex/generic/uniquecounter/uniquecounter.sty
))) (/usr/local/texlive/2026/texmf-dist/tex/latex/todonotes/todonotes.sty
(/usr/local/texlive/2026/texmf-dist/tex/latex/xkeyval/xkeyval.sty
(/usr/local/texlive/2026/texmf-dist/tex/generic/xkeyval/xkeyval.tex
(/usr/local/texlive/2026/texmf-dist/tex/generic/xkeyval/xkvutils.tex)))
(/usr/local/texlive/2026/texmf-dist/tex/generic/pgf/frontendlayer/tikz/librarie
s/tikzlibrarypositioning.code.tex)
(/usr/local/texlive/2026/texmf-dist/tex/latex/tools/calc.sty))
(/usr/local/texlive/2026/texmf-dist/tex/latex/natbib/natbib.sty)
(/usr/local/texlive/2026/texmf-dist/tex/latex/paralist/paralist.sty)
(/usr/local/texlive/2026/texmf-dist/tex/latex/tools/multicol.sty)
(/usr/local/texlive/2026/texmf-dist/tex/latex/tools/longtable.sty)
(/usr/local/texlive/2026/texmf-dist/tex/latex/multirow/multirow.sty)
(/usr/local/texlive/2026/texmf-dist/tex/latex/graphics/lscape.sty)
(/usr/local/texlive/2026/texmf-dist/tex/latex/chngcntr/chngcntr.sty)
(/usr/local/texlive/2026/texmf-dist/tex/latex/footmisc/footmisc.sty)
(/usr/local/texlive/2026/texmf-dist/tex/latex/datetime/datetime.sty
(/usr/local/texlive/2026/texmf-dist/tex/latex/fmtcount/fmtcount.sty
(/usr/local/texlive/2026/texmf-dist/tex/latex/fmtcount/fcprefix.sty
(/usr/local/texlive/2026/texmf-dist/tex/latex/fmtcount/fcnumparser.sty))
(/usr/local/texlive/2026/texmf-dist/tex/latex/fmtcount/fc-english.def))
(/usr/local/texlive/2026/texmf-dist/tex/latex/datetime/datetime-defaults.sty))
(/usr/local/texlive/2026/texmf-dist/tex/latex/threeparttable/threeparttable.sty
) (/usr/local/texlive/2026/texmf-dist/tex/latex/diagbox/diagbox.sty
(/usr/local/texlive/2026/texmf-dist/tex/latex/pict2e/pict2e.sty
(/usr/local/texlive/2026/texmf-dist/tex/latex/pict2e/pict2e.cfg)
(/usr/local/texlive/2026/texmf-dist/tex/latex/pict2e/p2e-luatex.def)))
(/usr/local/texlive/2026/texmf-dist/tex/latex/sectsty/sectsty.sty

LaTeX Warning: Command \underbar  has changed.
               Check if current package is valid.


LaTeX Warning: Command \underline  has changed.
               Check if current package is valid.

)) (./title_metadata.tex) (./main.aux)
(/usr/local/texlive/2026/texmf-dist/tex/context/base/mkii/supp-pdf.mkii
[Loading MPS to PDF converter (version 2006.09.02).]
) (/usr/local/texlive/2026/texmf-dist/tex/latex/epstopdf-pkg/epstopdf-base.sty
(/usr/local/texlive/2026/texmf-dist/tex/latex/latexconfig/epstopdf-sys.cfg))
(/usr/local/texlive/2026/texmf-dist/tex/latex/caption/ltcaption.sty)
(/usr/local/texlive/2026/texmf-dist/tex/latex/translations/translations-basic-d
ictionary-english.trsl)

Package pgfplots Warning: running in backwards compatibility mode (unsuitable t
ick labels; missing features). Consider writing \pgfplotsset{compat=1.18} into 
your preamble.
 on input line 12.

(./main.out) (./main.out)

Package todonotes Warning: The length marginparwidth is less than 2cm and will 
most likely cause issues with the appearance of inserted todonotes. The issue c
an be solved by adding a line like \setlength {\marginparwidth }{2cm} prior to 
loading the todonotes package. on input line 12.

(./frontmatter.tex
Overfull \hbox (8.09319pt too wide) in paragraph at lines 4--5
\TU/KpRoman(1)/m/n/10.95 registration-threshold re-forms, re-leased with its sy
nthetic-data gen-er-a-tor. The thresh-

Overfull \hbox (8.50201pt too wide) in paragraph at lines 4--5
\TU/KpRoman(1)/m/it/10.95 shape \TU/KpRoman(1)/m/n/10.95 (a ta-per) and \TU/KpR
oman(1)/m/it/10.95 rate \TU/KpRoman(1)/m/n/10.95 (a reduced-rate band) re-forms
 stat-i-cally on a com-mon £184.8bn

Overfull \hbox (45.11325pt too wide) in paragraph at lines 4--5
\TU/KpRoman(1)/m/n/10.95 base: rais-ing the thresh-old to £100,000 costs £783
m, a grad-u-ated ta-per over £85,000--£105,000
[1
Non-PDF special ignored!{/usr/local/texlive/2026/texmf-var/fonts/map/pdftex/upd
map/pdftex.map}] [2]) (./body.tex (./Sections/intro.tex [3<./figures/firms_by_t
urnover_band_85k.png><./figures/vat_firms_by_turnover_band_85k.png>] [4]
Overfull \hbox (0.9187pt too wide) in paragraph at lines 49--50
[]\TU/KpRoman(1)/m/n/12 Third, con-di-tional on the as-sumed elas-tic-ity, inte
nsive-margin re-sponses barely move

Overfull \hbox (13.0106pt too wide) in paragraph at lines 51--52
\TU/KpRoman(1)/m/n/12 pa-per demon-strates the point in three di-rec-tions. The
 2023--24 pop-u-la-tion’s near-threshold
[5] [6]) (./Sections/background.tex [7]) (./Sections/data.tex [8<./figures/obr_
vat_bunching_85k.png>]
Overfull \hbox (0.61864pt too wide) in paragraph at lines 4--16
\TU/KpRoman(1)/m/n/12 Study-ing firm re-sponses at the thresh-old needs firm-le
vel turnover near the cut-off, which
[9]
Overfull \hbox (0.3166pt too wide) in paragraph at lines 60--64
[]\TU/KpRoman(1)/m/n/12 The base pop-u-la-tion re-pro-duces the ONS struc-ture 
but not the HMRC VAT-registered

Overfull \hbox (23.08046pt too wide) in paragraph at lines 75--101
\TU/KpRoman(1)/m/n/12 Chart C data give HMRC counts of busi-nesses by £1,000 t
urnover band over £65,000--£90,000
[10]
Overfull \hbox (14.26959pt too wide) in paragraph at lines 128--154
\TU/KpRoman(1)/m/n/12 statu-tory thresh-old was £85,000. The HMRC band tar-get
s step down across the threshold---

Overfull \hbox (21.09047pt too wide) in paragraph at lines 128--154
\TU/KpRoman(1)/m/n/12 brated den-sity rises into the thresh-old (about $\TU/KpM
ath-Regular.otf(1)/m/n/12 13[]800$ \TU/KpRoman(1)/m/n/12 firms per £1,000 in t
he £84,000--£85,000
[11]) (./Sections/static.tex [12<./figures/turnover_distribution_85k.png>]
[13] [14<./figures/vat_threshold_revenue_impact.png>]
Overfull \hbox (13.10669pt too wide) in paragraph at lines 168--182
\TU/KpRoman(1)/m/n/12 The thresh-old sweep above moves the \TU/KpRoman(1)/m/it/
12 lo-ca-tion \TU/KpRoman(1)/m/n/12 of a sin-gle cut-off. The same static princ
iple---
[15] [16<./figures/revenue_impact_2025_26.png><./figures/firms_impact_2025_26.p
ng>]) (./Sections/bunching.tex
Overfull \hbox (6.67659pt too wide) in paragraph at lines 4--22
\TU/KpRoman(1)/m/n/12 ([][]2011[][]) and [][]Kleven and Waseem[][] ([][]2013[][
])---as ap-plied to UK VAT data by [][]Liu et al.[][] ([][]2021[][])---to
[17]
Overfull \hbox (25.36118pt too wide) in paragraph at lines 66--77
\TU/KpRoman(1)/m/n/12 the ap-prox-i-ma-tion hold-ing when $\TU/KpMath-Regular.o
tf(1)/m/n/12 𝑔$ \TU/KpRoman(1)/m/n/12 is lo-cally smooth. The bunch-ing ra-t
io $\TU/KpMath-Regular.otf(1)/m/n/12 𝑏(𝑦[]) = 𝐵(𝑦[])/𝑔(𝑦[]) 
≈
[18] [19] [20<./figures/bunching_analysis_85k.png><./figures/bunching_analysis_
90k.png>] [21]) (./Sections/model.tex
Overfull \hbox (9.26462pt too wide) in paragraph at lines 22--29
\TU/KpRoman(1)/m/n/12 Two pop-u-la-tions are out-side its scope and are treated
 as such through-out: below-threshold
[22] [23] [24<./figures/dynamic_notch_fit_e017.png>])
(./Sections/behavioural.tex
Overfull \hbox (8.2552pt too wide) in paragraph at lines 139--1
\TU/KpMath-Regular.otf(1)/m/n/12 (𝜏 − 𝑟) 𝑇[] = £5[]250$\TU/KpRoman(
1)/m/n/12 . The firm counts con-firm this (\TU/KpMono(0)/m/n/12 results/dominat
ed_region_mass.txt\TU/KpRoman(1)/m/n/12 ):
[25]
Overfull \hbox (0.45064pt too wide) in paragraph at lines 76--83
\TU/KpRoman(1)/m/n/12 firm’s op-ti-mal turnover un-der a coun-ter-fac-tual sc
hed-ule, \TU/KpRoman(1)/m/it/12 given \TU/KpRoman(1)/m/n/12 that its ob-served 
turnover

Overfull \hbox (2.70668pt too wide) in paragraph at lines 87--96
\TU/KpRoman(1)/m/n/12 The in-ten-sive re-sponse de-pends only on $\TU/KpMath-Re
gular.otf(1)/m/n/12 𝑒$\TU/KpRoman(1)/m/n/12 , the statu-tory rate, and the s
ched-ule fractions---
[26]
Overfull \hbox (19.06874pt too wide) in paragraph at lines 97--117
[]\TU/KpRoman(1)/b/n/12 Region-confined scope.[] \TU/KpRoman(1)/m/n/12 The mar-
gin priced here is purely \TU/KpRoman(1)/m/it/12 in-ten-sive\TU/KpRoman(1)/m/n/
12 : each firm re-optimises

Overfull \hbox (1.25473pt too wide) in paragraph at lines 118--129
[]\TU/KpRoman(1)/b/n/12 Con-di-tional on $\TU/KpMath-Regular.otf(1)/m/n/12 
𝑒$\TU/KpRoman(1)/b/n/12 .[] \TU/KpRoman(1)/m/n/12 The elas-tic-ity $\TU/KpMa
th-Regular.otf(1)/m/n/12 𝑒$ \TU/KpRoman(1)/m/n/12 is not iden-ti-fied from t
hese data, so ev-ery be-havioural
[27<./figures/formulation_a_optima.png>]
Overfull \hbox (34.0586pt too wide) in paragraph at lines 154--166
 [][] 
[28]) (./Sections/conclusion.tex
Overfull \hbox (20.66867pt too wide) in paragraph at lines 4--13
\TU/KpRoman(1)/m/n/12 the UK VAT reg-is-tra-tion thresh-old, re-leased in full-
--including its synthetic-data generator---

Overfull \hbox (68.06161pt too wide) in paragraph at lines 23--35
 [][] 
[29] [30<./figures/dynamic_cost_vs_elasticity.png>] [31]) [32] (./main.bbl
Underfull \hbox (badness 10000) in paragraph at lines 96--99
[]\TU/KpRoman(1)/m/n/10.95 HM Rev-enue and Cus-toms (2024) ``In-creas-ing the V
AT Reg-is-tra-tion Thresh-old,''

Underfull \hbox (badness 10000) in paragraph at lines 96--99
\TU/KpRoman(1)/m/n/10.95 Tax in-for-ma-tion and im-pact note, GOV.UK, [][]$\TU/
KpMono(0)/m/n/10.95 https://www.gov.uk/government/

Underfull \hbox (badness 10000) in paragraph at lines 96--99
\TU/KpMono(0)/m/n/10.95 publications/vat-[]increasing-[]the-[]registration-[]an
d-[]deregistration-[]thresholds/
[33]
Underfull \hbox (badness 10000) in paragraph at lines 101--104
[]\TU/KpRoman(1)/m/n/10.95 HM Trea-sury (2018) ``VAT Reg-is-tra-tion Thresh-old
: Call for Ev-i-dence,'' HM

Underfull \hbox (badness 10000) in paragraph at lines 101--104
\TU/KpRoman(1)/m/n/10.95 Trea-sury, March 2018, [][]$\TU/KpMono(0)/m/n/10.95 ht
tps://www.gov.uk/government/consultations/

Underfull \hbox (badness 7869) in paragraph at lines 106--109
[] [] \TU/KpRoman(1)/m/n/10.95 (2024) ``Spring Bud-get 2024: Pol-icy Cost-ings,
'' HM Trea-sury, March 2024,

Underfull \hbox (badness 10000) in paragraph at lines 106--109
[][]$\TU/KpMono(0)/m/n/10.95 https://assets.publishing.service.gov.uk/media/65e
7920c08eef600155a5617/

Underfull \hbox (badness 4886) in paragraph at lines 133--137
[]\TU/KpRoman(1)/m/n/10.95 Liu, Li, Ben Lock-wood, and Eddy H. F. Tam (2024) ``
Small Firm Growth and the

Underfull \hbox (badness 2865) in paragraph at lines 133--137
\TU/KpRoman(1)/m/n/10.95 VAT Thresh-old: Ev-i-dence for the UK,'' IMF Work-ing 
Pa-perWP/24/33, In-ter-na-tional

Underfull \hbox (badness 10000) in paragraph at lines 133--137
\TU/KpRoman(1)/m/n/10.95 Mon-e-tary Fund, [][]$\TU/KpMono(0)/m/n/10.95 https://
www.imf.org/en/publications/wp/issues/2024/02/16/

Underfull \hbox (badness 1490) in paragraph at lines 139--143
\TU/KpRoman(1)/m/n/10.95 West Ben-gal, In-dia,'' TaxDev / In-sti-tute for Fis-c
al Stud-ies, [][]$\TU/KpMono(0)/m/n/10.95 https://www.taxdev.org/

Underfull \hbox (badness 10000) in paragraph at lines 146--149
[]\TU/KpRoman(1)/m/n/10.95 Of-fice for Bud-get Re-spon-si-bil-ity (2023) ``The 
Im-pact of the Frozen VAT Reg-is-tra-

Underfull \hbox (badness 4886) in paragraph at lines 146--149
\TU/KpRoman(1)/m/n/10.95 tion Thresh-old,'' Eco-nomic and Fis-cal Out-look, Mar
ch 2023, [][]$\TU/KpMono(0)/m/n/10.95 https://obr.uk/box/

Underfull \hbox (badness 10000) in paragraph at lines 152--155
[]\TU/KpRoman(1)/m/n/10.95 Of-fice of Tax Sim-pli-fi-ca-tion (2017) ``Value Add
ed Tax: Routes to Sim-pli-fi-ca-tion,''

Underfull \hbox (badness 10000) in paragraph at lines 152--155
\TU/KpRoman(1)/m/n/10.95 OTS re-port, Novem-ber 2017, [][]$\TU/KpMono(0)/m/n/10
.95 https://assets.publishing.service.gov.uk/media/
[34]) [35] (./Appendix/appendix.tex (./Appendix/a_data.tex
Overfull \hbox (11.12668pt too wide) in paragraph at lines 32--61
\TU/KpRoman(1)/m/n/12 tion check rather than a silent re-place-ment. The snap-s
hot used here is Pol-i-cyEngine/ledger

Overfull \hbox (30.38661pt too wide) in paragraph at lines 32--61
\TU/KpRoman(1)/m/n/12 and max-i-mum nu-meric dif-fer-ence zero. (The ``2024--25
 vin-tage'' here de-notes the HMRC/ONS

Overfull \hbox (3.00157pt too wide) in paragraph at lines 32--61
\TU/KpRoman(1)/m/n/12 tion cal-i-brates to.) A 1,000-iteration Pop-u-lace run f
rom those tar-gets gen-er-ated 2,946,015

Overfull \hbox (58.07478pt too wide) in paragraph at lines 32--61
\TU/KpMono(0)/m/n/12 firm-microsim-populace-ledger \TU/KpRoman(1)/m/n/12 and ch
ecked into \TU/KpMono(0)/m/n/12 results/populace_ledger_comparison.txt
[36]) (./Appendix/a_inference.tex
Overfull \hbox (8.25868pt too wide) in paragraph at lines 4--25
\TU/KpMono(0)/m/n/12 results/recovery_bunching.txt\TU/KpRoman(1)/m/n/12 . The e
s-ti-ma-tor re-ports the ge-om-e-try only---the bunch-

Overfull \hbox (11.25064pt too wide) in paragraph at lines 4--25
\TU/KpRoman(1)/m/n/12 cess mass to an elas-tic-ity is not iden-ti-fied with-out
 functional-form as-sump-tions ([][]Blomquist
[37] [38] [39]
Underfull \hbox (badness 1845) in paragraph at lines 157--157
[][]\TU/KpRoman(1)/b/n/12 Ta-ble A.3[][]: []|\TU/KpRoman(1)/m/n/12 Power (re-co
v-ery) test on the step-free pop-u-la-tion: Kleven--Waseem-
))) [40] (./main.aux)

LaTeX Warning: Label(s) may have changed. Rerun to get cross-references right.


Package rerunfilecheck Warning: File `main.out' has changed.
(rerunfilecheck)                Rerun to get outlines right
(rerunfilecheck)                or use package `bookmark'.

)
(see the transcript file for additional information)
 1355 words of node memory still in use:
   6 hlist, 2 vlist, 2 rule, 15 glue, 4 kern, 1 glyph, 169 attribute, 77 glue_s
pec, 85 attribute_list, 2 write, 28 pdf_action nodes
   avail lists: 1:1,2:874,3:445,4:203,5:722,6:29,7:9305,8:146,9:398,10:28,11:68
4

warning  (pdf backend): unreferenced destination with name 'Hfootnote.2'

warning  (pdf backend): unreferenced destination with name 'Hfootnote.1'
</usr/local/texlive/2026/texmf-dist/fonts/opentype/public/kpfonts-otf/KpMono-Re
gular.otf></usr/local/texlive/2026/texmf-dist/fonts/opentype/public/kpfonts-otf
/KpMath-Regular.otf></usr/local/texlive/2026/texmf-dist/fonts/opentype/public/k
pfonts-otf/KpMath-Regular.otf></usr/local/texlive/2026/texmf-dist/fonts/opentyp
e/public/kpfonts-otf/KpMath-Regular.otf></usr/local/texlive/2026/texmf-dist/fon
ts/opentype/public/kpfonts-otf/KpMath-Regular.otf></usr/local/texlive/2026/texm
f-dist/fonts/opentype/public/kpfonts-otf/KpRoman-Italic.otf></usr/local/texlive
/2026/texmf-dist/fonts/opentype/public/kpfonts-otf/KpRoman-Bold.otf></usr/local
/texlive/2026/texmf-dist/fonts/opentype/public/kpfonts-otf/KpRoman-Regular.otf>

Output written on main.pdf (40 pages, 2159383 bytes).
Transcript written on main.log.
Latexmk: Getting log file 'main.log'
Latexmk: Examining 'main.fls'
Latexmk: Examining 'main.log'
Latexmk: Found input bbl file 'main.bbl'
Latexmk: References changed.
Latexmk: References changed.
Latexmk: References changed.
Latexmk: Log file says output to 'main.pdf'
Latexmk: Using bibtex to make bibliography file(s).
  ===Source file 'main.bbl' for 'lualatex'
Latexmk: Found bibliography file(s):
  ./references.bib
Latexmk: applying rule 'bibtex main'...
Rule 'bibtex main':  Reasons for rerun
Changed files or newly in use/created:
  main.aux

------------
Run number 1 of rule 'bibtex main'
------------
------------
Running 'bibtex  "main.aux"'
------------
This is BibTeX, Version 0.99e (TeX Live 2026)
The top-level auxiliary file: main.aux
The style file: econ.bst
Database file #1: references.bib
Latexmk: applying rule 'lualatex'...
Rule 'lualatex':  Reasons for rerun
Changed files or newly in use/created:
  main.aux
  main.out

------------
Run number 2 of rule 'lualatex'
------------
------------
Running 'lualatex  -interaction=nonstopmode -halt-on-error -recorder  "main.tex"'
------------
This is LuaHBTeX, Version 1.24.0 (TeX Live 2026) 
 restricted system commands enabled.
(./main.tex
LaTeX2e <2025-11-01>
L3 programming layer <2026-01-19>
 (/usr/local/texlive/2026/texmf-dist/tex/latex/base/article.cls
Document Class: article 2025/01/22 v1.4n Standard LaTeX document class
(/usr/local/texlive/2026/texmf-dist/tex/latex/base/size12.clo))
(./YGTemplate.sty
(/usr/local/texlive/2026/texmf-dist/tex/latex/fontspec/fontspec.sty
(/usr/local/texlive/2026/texmf-dist/tex/latex/l3packages/xparse/xparse.sty
(/usr/local/texlive/2026/texmf-dist/tex/latex/l3kernel/expl3.sty
(/usr/local/texlive/2026/texmf-dist/tex/latex/l3backend/l3backend-luatex.def)))
 (/usr/local/texlive/2026/texmf-dist/tex/latex/fontspec/fontspec-luatex.sty
(/usr/local/texlive/2026/texmf-dist/tex/latex/base/fontenc.sty)
(/usr/local/texlive/2026/texmf-dist/tex/latex/fontspec/fontspec.cfg)))
(/usr/local/texlive/2026/texmf-dist/tex/generic/babel/babel.sty
(/usr/local/texlive/2026/texmf-dist/tex/generic/babel/luababel.def)
(/usr/local/texlive/2026/texmf-dist/tex/generic/babel/luababel.def)
(/usr/local/texlive/2026/texmf-dist/tex/generic/babel/locale/en/babel-english.t
ex) (/usr/local/texlive/2026/texmf-dist/tex/generic/babel-english/english.ldf))
 (/usr/local/texlive/2026/texmf-dist/tex/latex/base/fontenc.sty
(/usr/local/texlive/2026/texmf-dist/tex/latex/lm/t1lmr.fd))
(/usr/local/texlive/2026/texmf-dist/tex/latex/a4wide/a4wide.sty
(/usr/local/texlive/2026/texmf-dist/tex/latex/ntgclass/a4.sty))
(/usr/local/texlive/2026/texmf-dist/tex/latex/xcolor/xcolor.sty
(/usr/local/texlive/2026/texmf-dist/tex/latex/graphics-cfg/color.cfg)

Package xcolor Warning: Package option `usenames' is obsolete and ignored on in
put line 265.

(/usr/local/texlive/2026/texmf-dist/tex/latex/graphics-def/luatex.def)
(/usr/local/texlive/2026/texmf-dist/tex/latex/graphics/mathcolor.ltx))
(/usr/local/texlive/2026/texmf-dist/tex/latex/graphics/dvipsnam.def)
(/usr/local/texlive/2026/texmf-dist/tex/latex/graphics/graphicx.sty
(/usr/local/texlive/2026/texmf-dist/tex/latex/graphics/keyval.sty)
(/usr/local/texlive/2026/texmf-dist/tex/latex/graphics/graphics.sty
(/usr/local/texlive/2026/texmf-dist/tex/latex/graphics/trig.sty)
(/usr/local/texlive/2026/texmf-dist/tex/latex/graphics-cfg/graphics.cfg)))
(/usr/local/texlive/2026/texmf-dist/tex/latex/tools/tabularx.sty
(/usr/local/texlive/2026/texmf-dist/tex/latex/tools/array.sty))
(/usr/local/texlive/2026/texmf-dist/tex/latex/subfigure/subfigure.sty
****************************************
* Local config file subfigure.cfg used *
****************************************
(/usr/local/texlive/2026/texmf-dist/tex/latex/subfigure/subfigure.cfg))
(/usr/local/texlive/2026/texmf-dist/tex/latex/float/float.sty)
(/usr/local/texlive/2026/texmf-dist/tex/latex/caption/caption.sty
(/usr/local/texlive/2026/texmf-dist/tex/latex/caption/caption3.sty))
(/usr/local/texlive/2026/texmf-dist/tex/latex/caption/subcaption.sty)
(/usr/local/texlive/2026/texmf-dist/tex/latex/fnpct/fnpct.sty
(/usr/local/texlive/2026/texmf-dist/tex/latex/l3packages/l3keys2e/l3keys2e.sty)
(/usr/local/texlive/2026/texmf-dist/tex/latex/translations/translations.sty
(/usr/local/texlive/2026/texmf-dist/tex/latex/etoolbox/etoolbox.sty)
(/usr/local/texlive/2026/texmf-dist/tex/generic/pdftexcmds/pdftexcmds.sty
(/usr/local/texlive/2026/texmf-dist/tex/generic/infwarerr/infwarerr.sty)
(/usr/local/texlive/2026/texmf-dist/tex/generic/iftex/iftex.sty)
(/usr/local/texlive/2026/texmf-dist/tex/generic/ltxcmds/ltxcmds.sty))))
(/usr/local/texlive/2026/texmf-dist/tex/latex/kpfonts/kpfonts.sty
(/usr/local/texlive/2026/texmf-dist/tex/latex/kpfonts-otf/kpfonts-otf.sty
(/usr/local/texlive/2026/texmf-dist/tex/latex/realscripts/realscripts.sty)
(/usr/local/texlive/2026/texmf-dist/tex/latex/kpfonts-otf/KpRoman.fontspec)
(/usr/local/texlive/2026/texmf-dist/tex/latex/kpfonts-otf/KpLight.fontspec)
(/usr/local/texlive/2026/texmf-dist/tex/latex/kpfonts-otf/KpSans.fontspec)
(/usr/local/texlive/2026/texmf-dist/tex/latex/kpfonts-otf/KpMono.fontspec)
(/usr/local/texlive/2026/texmf-dist/tex/latex/unicode-math/unicode-math.sty
(/usr/local/texlive/2026/texmf-dist/tex/latex/unicode-math/unicode-math-luatex.
sty (/usr/local/texlive/2026/texmf-dist/tex/latex/base/fix-cm.sty
(/usr/local/texlive/2026/texmf-dist/tex/latex/base/ts1enc.def))
(/usr/local/texlive/2026/texmf-dist/tex/latex/amsmath/amsmath.sty
For additional information on amsmath, use the `?' option.
(/usr/local/texlive/2026/texmf-dist/tex/latex/amsmath/amstext.sty
(/usr/local/texlive/2026/texmf-dist/tex/latex/amsmath/amsgen.sty))
(/usr/local/texlive/2026/texmf-dist/tex/latex/amsmath/amsbsy.sty)
(/usr/local/texlive/2026/texmf-dist/tex/latex/amsmath/amsopn.sty))
(/usr/local/texlive/2026/texmf-dist/tex/lualatex/lualatex-math/lualatex-math.st
y)
(/usr/local/texlive/2026/texmf-dist/tex/latex/unicode-math/unicode-math-table.t
ex)))
(/usr/local/texlive/2026/texmf-dist/tex/latex/kpfonts-otf/KpMath-Regular.fontsp
ec))) (/usr/local/texlive/2026/texmf-dist/tex/latex/pgf/frontendlayer/tikz.sty
(/usr/local/texlive/2026/texmf-dist/tex/latex/pgf/basiclayer/pgf.sty
(/usr/local/texlive/2026/texmf-dist/tex/latex/pgf/utilities/pgfrcs.sty
(/usr/local/texlive/2026/texmf-dist/tex/generic/pgf/utilities/pgfutil-common.te
x)
(/usr/local/texlive/2026/texmf-dist/tex/generic/pgf/utilities/pgfutil-latex.def
) (/usr/local/texlive/2026/texmf-dist/tex/generic/pgf/utilities/pgfrcs.code.tex
(/usr/local/texlive/2026/texmf-dist/tex/generic/pgf/pgf.revision.tex)))
(/usr/local/texlive/2026/texmf-dist/tex/latex/pgf/basiclayer/pgfcore.sty
(/usr/local/texlive/2026/texmf-dist/tex/latex/pgf/systemlayer/pgfsys.sty
(/usr/local/texlive/2026/texmf-dist/tex/generic/pgf/systemlayer/pgfsys.code.tex
(/usr/local/texlive/2026/texmf-dist/tex/generic/pgf/utilities/pgfkeys.code.tex
(/usr/local/texlive/2026/texmf-dist/tex/generic/pgf/utilities/pgfkeyslibraryfil
tered.code.tex))
(/usr/local/texlive/2026/texmf-dist/tex/generic/pgf/systemlayer/pgf.cfg)
(/usr/local/texlive/2026/texmf-dist/tex/generic/pgf/systemlayer/pgfsys-luatex.d
ef
(/usr/local/texlive/2026/texmf-dist/tex/generic/pgf/systemlayer/pgfsys-common-p
df.def)))
(/usr/local/texlive/2026/texmf-dist/tex/generic/pgf/systemlayer/pgfsyssoftpath.
code.tex)
(/usr/local/texlive/2026/texmf-dist/tex/generic/pgf/systemlayer/pgfsysprotocol.
code.tex))
(/usr/local/texlive/2026/texmf-dist/tex/generic/pgf/basiclayer/pgfcore.code.tex
(/usr/local/texlive/2026/texmf-dist/tex/generic/pgf/math/pgfmath.code.tex
(/usr/local/texlive/2026/texmf-dist/tex/generic/pgf/math/pgfmathutil.code.tex)
(/usr/local/texlive/2026/texmf-dist/tex/generic/pgf/math/pgfmathparser.code.tex
)
(/usr/local/texlive/2026/texmf-dist/tex/generic/pgf/math/pgfmathfunctions.code.
tex)
(/usr/local/texlive/2026/texmf-dist/tex/generic/pgf/math/pgfmathfunctions.basic
.code.tex)
(/usr/local/texlive/2026/texmf-dist/tex/generic/pgf/math/pgfmathfunctions.trigo
nometric.code.tex)
(/usr/local/texlive/2026/texmf-dist/tex/generic/pgf/math/pgfmathfunctions.rando
m.code.tex)
(/usr/local/texlive/2026/texmf-dist/tex/generic/pgf/math/pgfmathfunctions.compa
rison.code.tex)
(/usr/local/texlive/2026/texmf-dist/tex/generic/pgf/math/pgfmathfunctions.base.
code.tex)
(/usr/local/texlive/2026/texmf-dist/tex/generic/pgf/math/pgfmathfunctions.round
.code.tex)
(/usr/local/texlive/2026/texmf-dist/tex/generic/pgf/math/pgfmathfunctions.misc.
code.tex)
(/usr/local/texlive/2026/texmf-dist/tex/generic/pgf/math/pgfmathfunctions.integ
erarithmetics.code.tex)
(/usr/local/texlive/2026/texmf-dist/tex/generic/pgf/math/pgfmathcalc.code.tex)
(/usr/local/texlive/2026/texmf-dist/tex/generic/pgf/math/pgfmathfloat.code.tex)
) (/usr/local/texlive/2026/texmf-dist/tex/generic/pgf/math/pgfint.code.tex)
(/usr/local/texlive/2026/texmf-dist/tex/generic/pgf/basiclayer/pgfcorepoints.co
de.tex)
(/usr/local/texlive/2026/texmf-dist/tex/generic/pgf/basiclayer/pgfcorepathconst
ruct.code.tex)
(/usr/local/texlive/2026/texmf-dist/tex/generic/pgf/basiclayer/pgfcorepathusage
.code.tex)
(/usr/local/texlive/2026/texmf-dist/tex/generic/pgf/basiclayer/pgfcorescopes.co
de.tex)
(/usr/local/texlive/2026/texmf-dist/tex/generic/pgf/basiclayer/pgfcoregraphicst
ate.code.tex)
(/usr/local/texlive/2026/texmf-dist/tex/generic/pgf/basiclayer/pgfcoretransform
ations.code.tex)
(/usr/local/texlive/2026/texmf-dist/tex/generic/pgf/basiclayer/pgfcorequick.cod
e.tex)
(/usr/local/texlive/2026/texmf-dist/tex/generic/pgf/basiclayer/pgfcoreobjects.c
ode.tex)
(/usr/local/texlive/2026/texmf-dist/tex/generic/pgf/basiclayer/pgfcorepathproce
ssing.code.tex)
(/usr/local/texlive/2026/texmf-dist/tex/generic/pgf/basiclayer/pgfcorearrows.co
de.tex)
(/usr/local/texlive/2026/texmf-dist/tex/generic/pgf/basiclayer/pgfcoreshade.cod
e.tex)
(/usr/local/texlive/2026/texmf-dist/tex/generic/pgf/basiclayer/pgfcoreimage.cod
e.tex)
(/usr/local/texlive/2026/texmf-dist/tex/generic/pgf/basiclayer/pgfcoreexternal.
code.tex)
(/usr/local/texlive/2026/texmf-dist/tex/generic/pgf/basiclayer/pgfcorelayers.co
de.tex)
(/usr/local/texlive/2026/texmf-dist/tex/generic/pgf/basiclayer/pgfcoretranspare
ncy.code.tex)
(/usr/local/texlive/2026/texmf-dist/tex/generic/pgf/basiclayer/pgfcorepatterns.
code.tex)
(/usr/local/texlive/2026/texmf-dist/tex/generic/pgf/basiclayer/pgfcorerdf.code.
tex)))
(/usr/local/texlive/2026/texmf-dist/tex/generic/pgf/modules/pgfmoduleshapes.cod
e.tex)
(/usr/local/texlive/2026/texmf-dist/tex/generic/pgf/modules/pgfmoduleplot.code.
tex)
(/usr/local/texlive/2026/texmf-dist/tex/latex/pgf/compatibility/pgfcomp-version
-0-65.sty)
(/usr/local/texlive/2026/texmf-dist/tex/latex/pgf/compatibility/pgfcomp-version
-1-18.sty))
(/usr/local/texlive/2026/texmf-dist/tex/latex/pgf/utilities/pgffor.sty
(/usr/local/texlive/2026/texmf-dist/tex/latex/pgf/utilities/pgfkeys.sty
(/usr/local/texlive/2026/texmf-dist/tex/generic/pgf/utilities/pgfkeys.code.tex)
) (/usr/local/texlive/2026/texmf-dist/tex/latex/pgf/math/pgfmath.sty
(/usr/local/texlive/2026/texmf-dist/tex/generic/pgf/math/pgfmath.code.tex))
(/usr/local/texlive/2026/texmf-dist/tex/generic/pgf/utilities/pgffor.code.tex))

(/usr/local/texlive/2026/texmf-dist/tex/generic/pgf/frontendlayer/tikz/tikz.cod
e.tex
(/usr/local/texlive/2026/texmf-dist/tex/generic/pgf/libraries/pgflibraryplothan
dlers.code.tex)
(/usr/local/texlive/2026/texmf-dist/tex/generic/pgf/modules/pgfmodulematrix.cod
e.tex)
(/usr/local/texlive/2026/texmf-dist/tex/generic/pgf/frontendlayer/tikz/librarie
s/tikzlibrarytopaths.code.tex)))
(/usr/local/texlive/2026/texmf-dist/tex/latex/pgfplots/pgfplots.sty
(/usr/local/texlive/2026/texmf-dist/tex/generic/pgfplots/pgfplots.revision.tex)
(/usr/local/texlive/2026/texmf-dist/tex/generic/pgfplots/pgfplots.code.tex
(/usr/local/texlive/2026/texmf-dist/tex/generic/pgfplots/pgfplotscore.code.tex
(/usr/local/texlive/2026/texmf-dist/tex/generic/pgfplots/sys/pgfplotssysgeneric
.code.tex))
(/usr/local/texlive/2026/texmf-dist/tex/generic/pgfplots/libs/pgfplotslibrary.c
ode.tex)
(/usr/local/texlive/2026/texmf-dist/tex/generic/pgfplots/oldpgfcompatib/pgfplot
soldpgfsupp_loader.code.tex
(/usr/local/texlive/2026/texmf-dist/tex/generic/pgf/libraries/pgflibraryfpu.cod
e.tex)
(/usr/local/texlive/2026/texmf-dist/tex/generic/pgfplots/oldpgfcompatib/pgfplot
soldpgfsupp_pgfutil-common-lists.tex)
(/usr/local/texlive/2026/texmf-dist/tex/generic/pgf/libraries/luamath/pgflibrar
yluamath.code.tex))
(/usr/local/texlive/2026/texmf-dist/tex/generic/pgfplots/util/pgfplotsutil.code
.tex
(/usr/local/texlive/2026/texmf-dist/tex/generic/pgfplots/liststructure/pgfplots
liststructure.code.tex)
(/usr/local/texlive/2026/texmf-dist/tex/generic/pgfplots/liststructure/pgfplots
liststructureext.code.tex)
(/usr/local/texlive/2026/texmf-dist/tex/generic/pgfplots/liststructure/pgfplots
array.code.tex)
(/usr/local/texlive/2026/texmf-dist/tex/generic/pgfplots/liststructure/pgfplots
matrix.code.tex)
(/usr/local/texlive/2026/texmf-dist/tex/generic/pgfplots/numtable/pgfplotstable
shared.code.tex)
(/usr/local/texlive/2026/texmf-dist/tex/generic/pgfplots/liststructure/pgfplots
deque.code.tex)
(/usr/local/texlive/2026/texmf-dist/tex/generic/pgfplots/util/pgfplotsbinary.co
de.tex
(/usr/local/texlive/2026/texmf-dist/tex/generic/pgfplots/util/pgfplotsbinary.da
ta.code.tex))
(/usr/local/texlive/2026/texmf-dist/tex/generic/pgfplots/util/pgfplotsutil.verb
.code.tex)
(/usr/local/texlive/2026/texmf-dist/tex/generic/pgfplots/libs/pgflibrarypgfplot
s.surfshading.code.tex
(/usr/local/texlive/2026/texmf-dist/tex/generic/pgfplots/sys/pgflibrarypgfplots
.surfshading.pgfsys-luatex.def)))
(/usr/local/texlive/2026/texmf-dist/tex/generic/pgfplots/util/pgfplotscolormap.
code.tex
(/usr/local/texlive/2026/texmf-dist/tex/generic/pgfplots/util/pgfplotscolor.cod
e.tex))
(/usr/local/texlive/2026/texmf-dist/tex/generic/pgfplots/pgfplotsstackedplots.c
ode.tex)
(/usr/local/texlive/2026/texmf-dist/tex/generic/pgfplots/pgfplotsplothandlers.c
ode.tex
(/usr/local/texlive/2026/texmf-dist/tex/generic/pgfplots/pgfplotsmeshplothandle
r.code.tex
(/usr/local/texlive/2026/texmf-dist/tex/generic/pgfplots/pgfplotsmeshplotimage.
code.tex)))
(/usr/local/texlive/2026/texmf-dist/tex/generic/pgfplots/pgfplots.scaling.code.
tex)
(/usr/local/texlive/2026/texmf-dist/tex/generic/pgfplots/pgfplotscoordprocessin
g.code.tex)
(/usr/local/texlive/2026/texmf-dist/tex/generic/pgfplots/pgfplots.errorbars.cod
e.tex)
(/usr/local/texlive/2026/texmf-dist/tex/generic/pgfplots/pgfplots.markers.code.
tex)
(/usr/local/texlive/2026/texmf-dist/tex/generic/pgfplots/pgfplotsticks.code.tex
)
(/usr/local/texlive/2026/texmf-dist/tex/generic/pgfplots/pgfplots.paths.code.te
x)
(/usr/local/texlive/2026/texmf-dist/tex/generic/pgf/frontendlayer/tikz/librarie
s/tikzlibrarydecorations.code.tex
(/usr/local/texlive/2026/texmf-dist/tex/generic/pgf/modules/pgfmoduledecoration
s.code.tex))
(/usr/local/texlive/2026/texmf-dist/tex/generic/pgf/frontendlayer/tikz/librarie
s/tikzlibrarydecorations.pathmorphing.code.tex
(/usr/local/texlive/2026/texmf-dist/tex/generic/pgf/libraries/decorations/pgfli
brarydecorations.pathmorphing.code.tex))
(/usr/local/texlive/2026/texmf-dist/tex/generic/pgf/frontendlayer/tikz/librarie
s/tikzlibrarydecorations.pathreplacing.code.tex
(/usr/local/texlive/2026/texmf-dist/tex/generic/pgf/libraries/decorations/pgfli
brarydecorations.pathreplacing.code.tex))
(/usr/local/texlive/2026/texmf-dist/tex/generic/pgfplots/libs/tikzlibrarypgfplo
ts.contourlua.code.tex))
(/usr/local/texlive/2026/texmf-dist/tex/generic/pgf/frontendlayer/tikz/librarie
s/tikzlibraryplotmarks.code.tex
(/usr/local/texlive/2026/texmf-dist/tex/generic/pgf/libraries/pgflibraryplotmar
ks.code.tex)))
(/usr/local/texlive/2026/texmf-dist/tex/latex/pgfplots/pgfplotstable.sty
(/usr/local/texlive/2026/texmf-dist/tex/generic/pgfplots/pgfplots.revision.tex)

(/usr/local/texlive/2026/texmf-dist/tex/generic/pgfplots/numtable/pgfplotstable
.code.tex
(/usr/local/texlive/2026/texmf-dist/tex/generic/pgfplots/numtable/pgfplotstable
.coltype.code.tex)))
(/usr/local/texlive/2026/texmf-dist/tex/latex/fontawesome/fontawesome.sty
(/usr/local/texlive/2026/texmf-dist/tex/generic/iftex/ifxetex.sty)
(/usr/local/texlive/2026/texmf-dist/tex/generic/iftex/ifluatex.sty)
(/usr/local/texlive/2026/texmf-dist/tex/latex/fontawesome/fontawesomesymbols-ge
neric.tex)
(/usr/local/texlive/2026/texmf-dist/tex/latex/fontawesome/fontawesomesymbols-xe
luatex.tex)) (/usr/local/texlive/2026/texmf-dist/tex/latex/psfrag/psfrag.sty)
(/usr/local/texlive/2026/texmf-dist/tex/generic/pgf/frontendlayer/tikz/librarie
s/tikzlibraryintersections.code.tex
(/usr/local/texlive/2026/texmf-dist/tex/generic/pgf/libraries/pgflibraryinterse
ctions.code.tex))
(/usr/local/texlive/2026/texmf-dist/tex/generic/pgf/frontendlayer/tikz/librarie
s/tikzlibrarypatterns.code.tex
(/usr/local/texlive/2026/texmf-dist/tex/generic/pgf/libraries/pgflibrarypattern
s.code.tex))
(/usr/local/texlive/2026/texmf-dist/tex/generic/pgfplots/libs/tikzlibrarypgfplo
ts.fillbetween.code.tex
(/usr/local/texlive/2026/texmf-dist/tex/generic/pgfplots/pgfcontrib/tikzlibrary
fillbetween.code.tex
(/usr/local/texlive/2026/texmf-dist/tex/generic/pgfplots/pgfcontrib/tikzlibrary
decorations.softclip.code.tex
(/usr/local/texlive/2026/texmf-dist/tex/generic/pgfplots/pgfcontrib/pgflibraryf
illbetween.code.tex)))
(/usr/local/texlive/2026/texmf-dist/tex/generic/pgfplots/libs/tikzlibrarypgfplo
ts.decorations.softclip.code.tex))
(/usr/local/texlive/2026/texmf-dist/tex/latex/booktabs/booktabs.sty)
(/usr/local/texlive/2026/texmf-dist/tex/latex/tools/bm.sty)
(/usr/local/texlive/2026/texmf-dist/tex/latex/graphics/rotating.sty
(/usr/local/texlive/2026/texmf-dist/tex/latex/base/ifthen.sty))
(/usr/local/texlive/2026/texmf-dist/tex/latex/hyperref/hyperref.sty
(/usr/local/texlive/2026/texmf-dist/tex/latex/kvsetkeys/kvsetkeys.sty)
(/usr/local/texlive/2026/texmf-dist/tex/generic/kvdefinekeys/kvdefinekeys.sty)
(/usr/local/texlive/2026/texmf-dist/tex/generic/pdfescape/pdfescape.sty)
(/usr/local/texlive/2026/texmf-dist/tex/latex/hycolor/hycolor.sty)
(/usr/local/texlive/2026/texmf-dist/tex/latex/hyperref/nameref.sty
(/usr/local/texlive/2026/texmf-dist/tex/latex/refcount/refcount.sty)
(/usr/local/texlive/2026/texmf-dist/tex/generic/gettitlestring/gettitlestring.s
ty (/usr/local/texlive/2026/texmf-dist/tex/latex/kvoptions/kvoptions.sty)))
(/usr/local/texlive/2026/texmf-dist/tex/generic/stringenc/stringenc.sty)
(/usr/local/texlive/2026/texmf-dist/tex/latex/hyperref/pd1enc.def)
(/usr/local/texlive/2026/texmf-dist/tex/generic/intcalc/intcalc.sty)
(/usr/local/texlive/2026/texmf-dist/tex/latex/hyperref/puenc.def)
(/usr/local/texlive/2026/texmf-dist/tex/latex/url/url.sty)
(/usr/local/texlive/2026/texmf-dist/tex/generic/bitset/bitset.sty
(/usr/local/texlive/2026/texmf-dist/tex/generic/bigintcalc/bigintcalc.sty)))
(/usr/local/texlive/2026/texmf-dist/tex/latex/hyperref/hluatex.def
(/usr/local/texlive/2026/texmf-dist/tex/latex/rerunfilecheck/rerunfilecheck.sty

(/usr/local/texlive/2026/texmf-dist/tex/generic/uniquecounter/uniquecounter.sty
))) (/usr/local/texlive/2026/texmf-dist/tex/latex/todonotes/todonotes.sty
(/usr/local/texlive/2026/texmf-dist/tex/latex/xkeyval/xkeyval.sty
(/usr/local/texlive/2026/texmf-dist/tex/generic/xkeyval/xkeyval.tex
(/usr/local/texlive/2026/texmf-dist/tex/generic/xkeyval/xkvutils.tex)))
(/usr/local/texlive/2026/texmf-dist/tex/generic/pgf/frontendlayer/tikz/librarie
s/tikzlibrarypositioning.code.tex)
(/usr/local/texlive/2026/texmf-dist/tex/latex/tools/calc.sty))
(/usr/local/texlive/2026/texmf-dist/tex/latex/natbib/natbib.sty)
(/usr/local/texlive/2026/texmf-dist/tex/latex/paralist/paralist.sty)
(/usr/local/texlive/2026/texmf-dist/tex/latex/tools/multicol.sty)
(/usr/local/texlive/2026/texmf-dist/tex/latex/tools/longtable.sty)
(/usr/local/texlive/2026/texmf-dist/tex/latex/multirow/multirow.sty)
(/usr/local/texlive/2026/texmf-dist/tex/latex/graphics/lscape.sty)
(/usr/local/texlive/2026/texmf-dist/tex/latex/chngcntr/chngcntr.sty)
(/usr/local/texlive/2026/texmf-dist/tex/latex/footmisc/footmisc.sty)
(/usr/local/texlive/2026/texmf-dist/tex/latex/datetime/datetime.sty
(/usr/local/texlive/2026/texmf-dist/tex/latex/fmtcount/fmtcount.sty
(/usr/local/texlive/2026/texmf-dist/tex/latex/fmtcount/fcprefix.sty
(/usr/local/texlive/2026/texmf-dist/tex/latex/fmtcount/fcnumparser.sty))
(/usr/local/texlive/2026/texmf-dist/tex/latex/fmtcount/fc-english.def))
(/usr/local/texlive/2026/texmf-dist/tex/latex/datetime/datetime-defaults.sty))
(/usr/local/texlive/2026/texmf-dist/tex/latex/threeparttable/threeparttable.sty
) (/usr/local/texlive/2026/texmf-dist/tex/latex/diagbox/diagbox.sty
(/usr/local/texlive/2026/texmf-dist/tex/latex/pict2e/pict2e.sty
(/usr/local/texlive/2026/texmf-dist/tex/latex/pict2e/pict2e.cfg)
(/usr/local/texlive/2026/texmf-dist/tex/latex/pict2e/p2e-luatex.def)))
(/usr/local/texlive/2026/texmf-dist/tex/latex/sectsty/sectsty.sty

LaTeX Warning: Command \underbar  has changed.
               Check if current package is valid.


LaTeX Warning: Command \underline  has changed.
               Check if current package is valid.

)) (./title_metadata.tex) (./main.aux)
(/usr/local/texlive/2026/texmf-dist/tex/context/base/mkii/supp-pdf.mkii
[Loading MPS to PDF converter (version 2006.09.02).]
) (/usr/local/texlive/2026/texmf-dist/tex/latex/epstopdf-pkg/epstopdf-base.sty
(/usr/local/texlive/2026/texmf-dist/tex/latex/latexconfig/epstopdf-sys.cfg))
(/usr/local/texlive/2026/texmf-dist/tex/latex/caption/ltcaption.sty)
(/usr/local/texlive/2026/texmf-dist/tex/latex/translations/translations-basic-d
ictionary-english.trsl)

Package pgfplots Warning: running in backwards compatibility mode (unsuitable t
ick labels; missing features). Consider writing \pgfplotsset{compat=1.18} into 
your preamble.
 on input line 12.

(./main.out) (./main.out)

Package todonotes Warning: The length marginparwidth is less than 2cm and will 
most likely cause issues with the appearance of inserted todonotes. The issue c
an be solved by adding a line like \setlength {\marginparwidth }{2cm} prior to 
loading the todonotes package. on input line 12.

(./frontmatter.tex
Overfull \hbox (8.09319pt too wide) in paragraph at lines 4--5
\TU/KpRoman(1)/m/n/10.95 registration-threshold re-forms, re-leased with its sy
nthetic-data gen-er-a-tor. The thresh-

Overfull \hbox (8.50201pt too wide) in paragraph at lines 4--5
\TU/KpRoman(1)/m/it/10.95 shape \TU/KpRoman(1)/m/n/10.95 (a ta-per) and \TU/KpR
oman(1)/m/it/10.95 rate \TU/KpRoman(1)/m/n/10.95 (a reduced-rate band) re-forms
 stat-i-cally on a com-mon £184.8bn

Overfull \hbox (45.11325pt too wide) in paragraph at lines 4--5
\TU/KpRoman(1)/m/n/10.95 base: rais-ing the thresh-old to £100,000 costs £783
m, a grad-u-ated ta-per over £85,000--£105,000
[1
Non-PDF special ignored!{/usr/local/texlive/2026/texmf-var/fonts/map/pdftex/upd
map/pdftex.map}] [2]) (./body.tex (./Sections/intro.tex [3<./figures/firms_by_t
urnover_band_85k.png><./figures/vat_firms_by_turnover_band_85k.png>] [4]
Overfull \hbox (0.9187pt too wide) in paragraph at lines 49--50
[]\TU/KpRoman(1)/m/n/12 Third, con-di-tional on the as-sumed elas-tic-ity, inte
nsive-margin re-sponses barely move

Overfull \hbox (13.0106pt too wide) in paragraph at lines 51--52
\TU/KpRoman(1)/m/n/12 pa-per demon-strates the point in three di-rec-tions. The
 2023--24 pop-u-la-tion’s near-threshold
[5] [6]) (./Sections/background.tex [7]) (./Sections/data.tex [8<./figures/obr_
vat_bunching_85k.png>]
Overfull \hbox (0.61864pt too wide) in paragraph at lines 4--16
\TU/KpRoman(1)/m/n/12 Study-ing firm re-sponses at the thresh-old needs firm-le
vel turnover near the cut-off, which
[9]
Overfull \hbox (0.3166pt too wide) in paragraph at lines 60--64
[]\TU/KpRoman(1)/m/n/12 The base pop-u-la-tion re-pro-duces the ONS struc-ture 
but not the HMRC VAT-registered

Overfull \hbox (23.08046pt too wide) in paragraph at lines 75--101
\TU/KpRoman(1)/m/n/12 Chart C data give HMRC counts of busi-nesses by £1,000 t
urnover band over £65,000--£90,000
[10]
Overfull \hbox (14.26959pt too wide) in paragraph at lines 128--154
\TU/KpRoman(1)/m/n/12 statu-tory thresh-old was £85,000. The HMRC band tar-get
s step down across the threshold---

Overfull \hbox (21.09047pt too wide) in paragraph at lines 128--154
\TU/KpRoman(1)/m/n/12 brated den-sity rises into the thresh-old (about $\TU/KpM
ath-Regular.otf(1)/m/n/12 13[]800$ \TU/KpRoman(1)/m/n/12 firms per £1,000 in t
he £84,000--£85,000
[11]) (./Sections/static.tex [12<./figures/turnover_distribution_85k.png>]
[13] [14<./figures/vat_threshold_revenue_impact.png>]
Overfull \hbox (13.10669pt too wide) in paragraph at lines 168--182
\TU/KpRoman(1)/m/n/12 The thresh-old sweep above moves the \TU/KpRoman(1)/m/it/
12 lo-ca-tion \TU/KpRoman(1)/m/n/12 of a sin-gle cut-off. The same static princ
iple---
[15] [16<./figures/revenue_impact_2025_26.png><./figures/firms_impact_2025_26.p
ng>]) (./Sections/bunching.tex
Overfull \hbox (6.67659pt too wide) in paragraph at lines 4--22
\TU/KpRoman(1)/m/n/12 ([][]2011[][]) and [][]Kleven and Waseem[][] ([][]2013[][
])---as ap-plied to UK VAT data by [][]Liu et al.[][] ([][]2021[][])---to
[17]
Overfull \hbox (25.36118pt too wide) in paragraph at lines 66--77
\TU/KpRoman(1)/m/n/12 the ap-prox-i-ma-tion hold-ing when $\TU/KpMath-Regular.o
tf(1)/m/n/12 𝑔$ \TU/KpRoman(1)/m/n/12 is lo-cally smooth. The bunch-ing ra-t
io $\TU/KpMath-Regular.otf(1)/m/n/12 𝑏(𝑦[]) = 𝐵(𝑦[])/𝑔(𝑦[]) 
≈
[18] [19] [20<./figures/bunching_analysis_85k.png><./figures/bunching_analysis_
90k.png>] [21]) (./Sections/model.tex
Overfull \hbox (9.26462pt too wide) in paragraph at lines 22--29
\TU/KpRoman(1)/m/n/12 Two pop-u-la-tions are out-side its scope and are treated
 as such through-out: below-threshold
[22] [23] [24<./figures/dynamic_notch_fit_e017.png>])
(./Sections/behavioural.tex
Overfull \hbox (8.2552pt too wide) in paragraph at lines 139--1
\TU/KpMath-Regular.otf(1)/m/n/12 (𝜏 − 𝑟) 𝑇[] = £5[]250$\TU/KpRoman(
1)/m/n/12 . The firm counts con-firm this (\TU/KpMono(0)/m/n/12 results/dominat
ed_region_mass.txt\TU/KpRoman(1)/m/n/12 ):
[25]
Overfull \hbox (0.45064pt too wide) in paragraph at lines 76--83
\TU/KpRoman(1)/m/n/12 firm’s op-ti-mal turnover un-der a coun-ter-fac-tual sc
hed-ule, \TU/KpRoman(1)/m/it/12 given \TU/KpRoman(1)/m/n/12 that its ob-served 
turnover

Overfull \hbox (2.70668pt too wide) in paragraph at lines 87--96
\TU/KpRoman(1)/m/n/12 The in-ten-sive re-sponse de-pends only on $\TU/KpMath-Re
gular.otf(1)/m/n/12 𝑒$\TU/KpRoman(1)/m/n/12 , the statu-tory rate, and the s
ched-ule fractions---
[26]
Overfull \hbox (19.06874pt too wide) in paragraph at lines 97--117
[]\TU/KpRoman(1)/b/n/12 Region-confined scope.[] \TU/KpRoman(1)/m/n/12 The mar-
gin priced here is purely \TU/KpRoman(1)/m/it/12 in-ten-sive\TU/KpRoman(1)/m/n/
12 : each firm re-optimises

Overfull \hbox (1.25473pt too wide) in paragraph at lines 118--129
[]\TU/KpRoman(1)/b/n/12 Con-di-tional on $\TU/KpMath-Regular.otf(1)/m/n/12 
𝑒$\TU/KpRoman(1)/b/n/12 .[] \TU/KpRoman(1)/m/n/12 The elas-tic-ity $\TU/KpMa
th-Regular.otf(1)/m/n/12 𝑒$ \TU/KpRoman(1)/m/n/12 is not iden-ti-fied from t
hese data, so ev-ery be-havioural
[27<./figures/formulation_a_optima.png>]
Overfull \hbox (34.0586pt too wide) in paragraph at lines 154--166
 [][] 
[28]) (./Sections/conclusion.tex
Overfull \hbox (20.66867pt too wide) in paragraph at lines 4--13
\TU/KpRoman(1)/m/n/12 the UK VAT reg-is-tra-tion thresh-old, re-leased in full-
--including its synthetic-data generator---

Overfull \hbox (68.06161pt too wide) in paragraph at lines 23--35
 [][] 
[29] [30<./figures/dynamic_cost_vs_elasticity.png>] [31]) [32] (./main.bbl
Underfull \hbox (badness 10000) in paragraph at lines 96--99
[]\TU/KpRoman(1)/m/n/10.95 HM Rev-enue and Cus-toms (2024) ``In-creas-ing the V
AT Reg-is-tra-tion Thresh-old,''

Underfull \hbox (badness 10000) in paragraph at lines 96--99
\TU/KpRoman(1)/m/n/10.95 Tax in-for-ma-tion and im-pact note, GOV.UK, [][]$\TU/
KpMono(0)/m/n/10.95 https://www.gov.uk/government/

Underfull \hbox (badness 10000) in paragraph at lines 96--99
\TU/KpMono(0)/m/n/10.95 publications/vat-[]increasing-[]the-[]registration-[]an
d-[]deregistration-[]thresholds/
[33]
Underfull \hbox (badness 10000) in paragraph at lines 101--104
[]\TU/KpRoman(1)/m/n/10.95 HM Trea-sury (2018) ``VAT Reg-is-tra-tion Thresh-old
: Call for Ev-i-dence,'' HM

Underfull \hbox (badness 10000) in paragraph at lines 101--104
\TU/KpRoman(1)/m/n/10.95 Trea-sury, March 2018, [][]$\TU/KpMono(0)/m/n/10.95 ht
tps://www.gov.uk/government/consultations/

Underfull \hbox (badness 7869) in paragraph at lines 106--109
[] [] \TU/KpRoman(1)/m/n/10.95 (2024) ``Spring Bud-get 2024: Pol-icy Cost-ings,
'' HM Trea-sury, March 2024,

Underfull \hbox (badness 10000) in paragraph at lines 106--109
[][]$\TU/KpMono(0)/m/n/10.95 https://assets.publishing.service.gov.uk/media/65e
7920c08eef600155a5617/

Underfull \hbox (badness 4886) in paragraph at lines 133--137
[]\TU/KpRoman(1)/m/n/10.95 Liu, Li, Ben Lock-wood, and Eddy H. F. Tam (2024) ``
Small Firm Growth and the

Underfull \hbox (badness 2865) in paragraph at lines 133--137
\TU/KpRoman(1)/m/n/10.95 VAT Thresh-old: Ev-i-dence for the UK,'' IMF Work-ing 
Pa-perWP/24/33, In-ter-na-tional

Underfull \hbox (badness 10000) in paragraph at lines 133--137
\TU/KpRoman(1)/m/n/10.95 Mon-e-tary Fund, [][]$\TU/KpMono(0)/m/n/10.95 https://
www.imf.org/en/publications/wp/issues/2024/02/16/

Underfull \hbox (badness 1490) in paragraph at lines 139--143
\TU/KpRoman(1)/m/n/10.95 West Ben-gal, In-dia,'' TaxDev / In-sti-tute for Fis-c
al Stud-ies, [][]$\TU/KpMono(0)/m/n/10.95 https://www.taxdev.org/

Underfull \hbox (badness 10000) in paragraph at lines 146--149
[]\TU/KpRoman(1)/m/n/10.95 Of-fice for Bud-get Re-spon-si-bil-ity (2023) ``The 
Im-pact of the Frozen VAT Reg-is-tra-

Underfull \hbox (badness 4886) in paragraph at lines 146--149
\TU/KpRoman(1)/m/n/10.95 tion Thresh-old,'' Eco-nomic and Fis-cal Out-look, Mar
ch 2023, [][]$\TU/KpMono(0)/m/n/10.95 https://obr.uk/box/

Underfull \hbox (badness 10000) in paragraph at lines 152--155
[]\TU/KpRoman(1)/m/n/10.95 Of-fice of Tax Sim-pli-fi-ca-tion (2017) ``Value Add
ed Tax: Routes to Sim-pli-fi-ca-tion,''

Underfull \hbox (badness 10000) in paragraph at lines 152--155
\TU/KpRoman(1)/m/n/10.95 OTS re-port, Novem-ber 2017, [][]$\TU/KpMono(0)/m/n/10
.95 https://assets.publishing.service.gov.uk/media/
[34]) [35] (./Appendix/appendix.tex (./Appendix/a_data.tex
Overfull \hbox (11.12668pt too wide) in paragraph at lines 32--61
\TU/KpRoman(1)/m/n/12 tion check rather than a silent re-place-ment. The snap-s
hot used here is Pol-i-cyEngine/ledger

Overfull \hbox (30.38661pt too wide) in paragraph at lines 32--61
\TU/KpRoman(1)/m/n/12 and max-i-mum nu-meric dif-fer-ence zero. (The ``2024--25
 vin-tage'' here de-notes the HMRC/ONS

Overfull \hbox (3.00157pt too wide) in paragraph at lines 32--61
\TU/KpRoman(1)/m/n/12 tion cal-i-brates to.) A 1,000-iteration Pop-u-lace run f
rom those tar-gets gen-er-ated 2,946,015

Overfull \hbox (58.07478pt too wide) in paragraph at lines 32--61
\TU/KpMono(0)/m/n/12 firm-microsim-populace-ledger \TU/KpRoman(1)/m/n/12 and ch
ecked into \TU/KpMono(0)/m/n/12 results/populace_ledger_comparison.txt
[36]) (./Appendix/a_inference.tex
Overfull \hbox (8.25868pt too wide) in paragraph at lines 4--25
\TU/KpMono(0)/m/n/12 results/recovery_bunching.txt\TU/KpRoman(1)/m/n/12 . The e
s-ti-ma-tor re-ports the ge-om-e-try only---the bunch-

Overfull \hbox (11.25064pt too wide) in paragraph at lines 4--25
\TU/KpRoman(1)/m/n/12 cess mass to an elas-tic-ity is not iden-ti-fied with-out
 functional-form as-sump-tions ([][]Blomquist
[37] [38] [39]
Underfull \hbox (badness 1845) in paragraph at lines 157--157
[][]\TU/KpRoman(1)/b/n/12 Ta-ble A.3[][]: []|\TU/KpRoman(1)/m/n/12 Power (re-co
v-ery) test on the step-free pop-u-la-tion: Kleven--Waseem-
))) [40] (./main.aux))
(see the transcript file for additional information)
 1355 words of node memory still in use:
   6 hlist, 2 vlist, 2 rule, 15 glue, 4 kern, 1 glyph, 169 attribute, 77 glue_s
pec, 85 attribute_list, 2 write, 28 pdf_action nodes
   avail lists: 1:1,2:874,3:445,4:203,5:722,6:29,7:9305,8:146,9:398,10:28,11:68
4

warning  (pdf backend): unreferenced destination with name 'Hfootnote.2'

warning  (pdf backend): unreferenced destination with name 'Hfootnote.1'
</usr/local/texlive/2026/texmf-dist/fonts/opentype/public/kpfonts-otf/KpMono-Re
gular.otf></usr/local/texlive/2026/texmf-dist/fonts/opentype/public/kpfonts-otf
/KpMath-Regular.otf></usr/local/texlive/2026/texmf-dist/fonts/opentype/public/k
pfonts-otf/KpMath-Regular.otf></usr/local/texlive/2026/texmf-dist/fonts/opentyp
e/public/kpfonts-otf/KpMath-Regular.otf></usr/local/texlive/2026/texmf-dist/fon
ts/opentype/public/kpfonts-otf/KpMath-Regular.otf></usr/local/texlive/2026/texm
f-dist/fonts/opentype/public/kpfonts-otf/KpRoman-Italic.otf></usr/local/texlive
/2026/texmf-dist/fonts/opentype/public/kpfonts-otf/KpRoman-Bold.otf></usr/local
/texlive/2026/texmf-dist/fonts/opentype/public/kpfonts-otf/KpRoman-Regular.otf>

Output written on main.pdf (40 pages, 2159400 bytes).
Transcript written on main.log.
Latexmk: Getting log file 'main.log'
Latexmk: Examining 'main.fls'
Latexmk: Examining 'main.log'
Latexmk: Found input bbl file 'main.bbl'
Latexmk: Log file says output to 'main.pdf'
Latexmk: Using bibtex to make bibliography file(s).
  ===Source file 'main.bbl' for 'lualatex'
Latexmk: Found bibliography file(s):
  ./references.bib
Latexmk: Summary of warnings from last run of *latex:
  Latex failed to resolve 2 reference(s)
Latexmk: ====Problematic refs and citations with line #s in .tex file:
  (pdf backend): unreferenced destination with name 'Hfootnote.2'
  (pdf backend): unreferenced destination with name 'Hfootnote.1'
Latexmk: All targets (main.pdf) are up-to-date

